// Jest Snapshot v1, https://goo.gl/fbAQLP

exports[`<HomeContainer /> tests should render and match the snapshot 1`] = `
<body>
  <div>
    <div
      class="css-6azwsi e666d1v3"
    >
      <div
        class="css-1cnh6jp e666d1v2"
      >
        <p
          class="e666d1v1 css-gnuwwn egtqi0h0"
          data-testid="redirect"
        >
          Go to Storybook
        </p>
      </div>
      <div
        class="MuiPaper-root MuiPaper-elevation MuiPaper-rounded MuiPaper-elevation1 MuiCard-root e666d1v4 css-1azwflu-MuiPaper-root-MuiCard-root"
        maxwidth="500"
        title="Repository Search"
      >
        <p
          class="css-darbe1 egtqi0h0"
          data-testid="t"
        >
          Get details of repositories
        </p>
        <div
          class="MuiInputBase-root MuiOutlinedInput-root MuiInputBase-colorPrimary MuiInputBase-fullWidth MuiInputBase-adornedEnd e666d1v0 css-16qisbh-MuiInputBase-root-MuiOutlinedInput-root"
        >
          <input
            class="MuiInputBase-input MuiOutlinedInput-input MuiInputBase-inputAdornedEnd css-nxo287-MuiInputBase-input-MuiOutlinedInput-input"
            data-testid="search-bar"
            type="text"
            value=""
          />
          <div
            class="MuiInputAdornment-root MuiInputAdornment-positionEnd css-1laqsz7-MuiInputAdornment-root"
          >
            <button
              aria-label="search repos"
              class="MuiButtonBase-root MuiIconButton-root MuiIconButton-sizeMedium css-78trlr-MuiButtonBase-root-MuiIconButton-root"
              data-testid="search-icon"
              tabindex="0"
              type="button"
            >
              <svg
                aria-hidden="true"
                class="MuiSvgIcon-root MuiSvgIcon-fontSizeMedium css-i4bv87-MuiSvgIcon-root"
                data-testid="SearchIcon"
                focusable="false"
                viewBox="0 0 24 24"
              >
                <path
                  d="M15.5 14h-.79l-.28-.27C15.41 12.59 16 11.11 16 9.5 16 5.91 13.09 3 9.5 3S3 5.91 3 9.5 5.91 16 9.5 16c1.61 0 3.09-.59 4.23-1.57l.27.28v.79l5 4.99L20.49 19l-4.99-5zm-6 0C7.01 14 5 11.99 5 9.5S7.01 5 9.5 5 14 7.01 14 9.5 11.99 14 9.5 14z"
                />
              </svg>
              <span
                class="MuiTouchRipple-root css-8je8zh-MuiTouchRipple-root"
              />
            </button>
          </div>
          <fieldset
            aria-hidden="true"
            class="MuiOutlinedInput-notchedOutline css-1d3z3hw-MuiOutlinedInput-notchedOutline"
          >
            <legend
              class="css-ihdtdm"
            >
              <span
                class="notranslate"
              >
                â€‹
              </span>
            </legend>
          </fieldset>
        </div>
      </div>
      <div
        class="MuiPaper-root MuiPaper-elevation MuiPaper-rounded MuiPaper-elevation1 MuiCard-root e666d1v4 css-ckxzvw-MuiPaper-root-MuiCard-root"
        color="grey"
        title="Repository List"
      >
        <p
          class="css-lh9t18 egtqi0h0"
          data-testid="default-message"
        >
          Search for a repository by entering it's name in the search box
        </p>
      </div>
    </div>
  </div>
</body>
`;
